../Drivers/CMSIS/Include/core_cm4.h:2064:26:ITM_SendChar	16	static,ignoring_inline_asm
../Core/Src/main.c:55:6:setupKeypad	40	static
../Core/Src/main.c:77:6:scanKeypad	16	static
../Core/Src/main.c:96:6:lcd_send_cmd	32	static
../Core/Src/main.c:109:6:lcd_send_data	32	static
../Core/Src/main.c:122:6:lcd_clear	16	static
../Core/Src/main.c:131:6:lcd_init	8	static
../Core/Src/main.c:156:6:lcd_send_string	16	static
../Core/Src/main.c:193:8:reset	16	static
../Core/Src/main.c:166:5:main	56	static
../Core/Src/main.c:273:6:SystemClock_Config	88	static
../Core/Src/main.c:320:13:MX_I2C1_Init	8	static
../Core/Src/main.c:354:13:MX_GPIO_Init	40	static
../Core/Src/main.c:390:5:_write	32	static
../Core/Src/main.c:408:6:Error_Handler	4	static
